002010|所以在想到这个问题的时候，我当时去嗯思考了一下，然后我就发现嗯当下这个短视频的这个热潮啊，有说到诶为什么AI不能代替人类，因为你会发现很多很傻里傻气比比如说，嗯，我们常说的诶，你比狗还狗，就这样的话语啊，就这样搞笑的这种氛围的视频，他们觉得不是AI能想出来的，用那一方的这种小小的芯片脑子不是能想出来的。
DBTTS_101983|不管是有工作还是有学业来说的话，啊肯定是需要早起的。啊像比如说最近的录音工作可能在，啊录音室需要在十点钟的时候开机。那呃因为我住的比较远的话，我可能会需要在七点到七点半左右起床，然后吃完早餐之后就直接通勤两个小时到达录音棚。所以像这样七点钟起床的时长来说的话，对我来说就非常的不友好了。
niren-03-0345131|没想到是这样，可惜我的感觉总是出错。
huawei_38-35_F-3508000444|借钱就要向悲观主义者借，因为他们不会期待你还钱。
001169|然后，呃整个剧情当中我记得是红珠去救那些小女孩对吧，是小女孩还是还是什么来着？
niren-03-0311409|乌衣巷位于江苏省南京市秦淮区秦淮河上文德桥旁的南岸。
niren-84-8401005031|好的，你有这家餐厅的具体地址吗？
000691|是有些时候我的很多一些小零件可能我之前跟你说过我的汉服，就我我有的爱好是汉服，然后比如说有一些发饰啊，或者说是有一些，我平时喜欢窝在沙发上的时候吃草莓呀那种草莓的那个叶子，草莓蒂或者说是等等的那些小零食，我不喜欢跑到垃圾桶那边去丢，我喜欢靠在沙发上。
niren-03-0380736|辽东半岛、山东半岛等地出现六到七级阵风。
101593|教做人的一生会遇到很多的贵人，那我觉得高中期间遇到那个英语老师，可以算是我生命当中的一个贵人，就是呃他是我们那个区的人大代表，然后呃他已经有大概六七十岁的高龄了，算是学校返聘回来的英语老师，而且是呃好像是教授的一个身份吧，反正我的印象当中，他待人非常的和蔼，非常嗯，就是对我们非常好。
huawei_38-02_M-0205004016|张无忌柔声道：“蛛儿，蛛儿，你醒醒。
niren-03-0330250|七月四号两人晒出结婚登记照正式宣布结婚喜讯。
huawei_38-19_M-1913002008|月亮圆缺的变化，是由于月亮绕着地球运动，它本身又不发光而反射太阳光的结果。
huawei_38-40_F-4014040005|更没有绝世伟人毛泽东那“数风流人物，还看今朝”的气魄。
niren-03-0318118|这年头无聊的人怎么那么多？
100299|所以嗯成衣和定制肯定还是有区别的，只不过在视觉效果上就比如说我现在穿起来，你可能看不太出来一个两三千块钱的私人定制和一千块钱的成品西装的区别在哪里，它的区别不大。
100559|我的天呐真的非常的累，因为你如果说是电影院兼职你全是二D电影不需要收发三D眼镜的话非常轻松，就是你可能检完票然后下午没有你的班了你就坐在随便哪个影厅一坐，然后把春节档电影一看就非常的开心。
huawei_38-27_F-2702021001|一年春事都来几？
huawei_38-34_F-3411043006|父母的白发，银行卡里的余额，不断上涨的房价，以及越来越清晰的孤独，
huawei_38-11_M-1112000254|然后又给他掰开，猫好像已经完全配合了。
huawei_38-33_F-3305003017|“你是他及门高弟，见识却如此凡庸，想来张三丰也不过如此，这一面不见也罢。”
niren-84-8407168025|哦了，把景点具体位置发过来吧。
huawei_38-12_M-1214022009|不要一直抱怨和不满足于，自己所能控制拥有的一切。
huawei_38-29_F-2903003016|就在他沉思的时候，窗子上响起了敲打声。
DBTTS_002225|这种肯定是不行的呀，睡眠不好肯定会影响你的工作状态的，而且睡眠不好的话，第二天我觉得整个人的状态首先会非常的焦躁，而且嗯会很疲惫，那你要不试一下睡前做一些审么放松的这种活动，比如说你听一下音乐啊，或者泡个澡再听一听助眠类的这种视频，做一下就是劳逸结合的这样一个搭配呢？
DBTTS_001815|所以当时就觉得，真的全程跟练下来是件非常累的事情，就一直在冒汗，但是而且但是体重又不掉，而且我觉得我在练习的过程当中，好像大部分的运动不是为了去掉掉秤，她大部分的运动其实一开始是先为了塑形，主要是塑形降低体脂率，这是一个非常漫长的过程。
huawei_38-21_M-2103004013|“小唧唧，去弄点儿水来！”
niren-83-83131679|第一天芝加哥工作完就跑去WillsTower。
niren-03-0370422|就是不知道看到这个横幅之后，教练的心理面积有多大。
niren-84-8419126|我为了你放弃快乐的机会你为了他喝醉。
niren-03-F0312009453|而且呢关键是我们的通信，发生了很大的变化就是。
niren-83-83130738|Hello酷狗，酷狗音乐产品体验报告收集了用户们最真实的反馈。
000357|就是我认为啊，可能他，啧，我觉得就是在花销这一块嘛，呃不是有一句话算是俗嘛，但是说的是真的是对的，钱在哪爱就在哪。对吧？
niren-03-0344102|太过分了，你怎么把她弄哭了？
niren-84-8415290|生活会辜负努力的人，但不会一直辜负努力的人。
niren-84-8410263005|会不会晚点啊，准点率是多少呢？
huawei_38-10_M-1004014006|是的，我如何解决她心中的疑惑？
huawei_38-11_M-1112000006|我允许你走进我的世界，但不许你在我的世界里走来走去。
niren-10-1010251012|票价是七百五十元，不算贵的。
niren-83-M8312003488|先喝温开水，喝完这个开水之后，然后再吃饭。
DBTTS_001691|就我一个人躲在凉亭里面，然后啊像个小鹌鹑一样，然后蔫儿蔫儿地去看着，然后我就觉得，哦，我怎么那么倒霉？怎么其他人都看得那么开心，就我被炸到眼睛，我再次想我怎么那么倒霉？所以我觉得就是玩火的经历，嗯，延伸到烟花爆竹的话，啊这个还是要注意安全。
huawei_38-28_F-2803001015|克鲁兹和约翰尼也总是在一起玩儿。
100395|而且主要是我觉得嗯可能我还没有到那个年龄阶段吧，我个人觉得就是做饭都还OK，但是洗锅刷碗我实在是觉得有点太麻烦了，所以一般我是能不开火就不开火，就像嗯那句话怎么说的？就是我可以不啊啊我可以不做但我不能不会。
niren-83-8319200|今天一个大哥哥送给我一个玩具枪，但我晚上不小心弄坏了，我很伤心。
niren-03-F0312006361|因为我们的衣服，他最终去向何方？就是他没有地方所去，没有地方去。
niren-03-0330688|这让周迅瞬间做出娇羞的表情回击。
huawei_38-30_F-3004003001|市民政局新上任的张金海局长要来视察调研，公墓管理处主任宋大毛不敢怠慢，
huawei_38-40_F-4014038001|管理是一门科学，一门艺术，
huawei_38-06_M-0605005009|令狐冲瞧着她的小脸儿，只见她双目微微肿起，果然是哭过来的，不禁甚是感动，
000530|但是，就是说仍然是有联系，保持的状态就是我虽然不经常联系你，我也没有说是每天给你发消息。但是某一天我们再次聊起来之后，我们依旧是如此的投缘，依旧是呃聊天聊得很开心，我们相处的过程当中依旧是充满快乐的，我跟他说呃我觉得这样的状态就足够了。
niren-03-0345028|钱包丢了，里面有很多贵重物品。
niren-03-0312093|演讲了三个小时，没有一个人听，呵。
huawei_38-14_M-1407021002|而在四百年后的欧洲直至一四三九年才在德国的古登堡发明了用金属做的活字印刷。
niren-03-0380376|这地方全年高温多雨，完全不适应。
niren-83-8317300|你上课不带脑子你来这里干什么了？
huawei_38-32_F-3206000282|收入主要来自个人储蓄、儿女赡养费和社会养老金三个方面。
niren-84-8405114017|太谢谢您了！还得麻烦能帮我找个下周日回来的航班呢。
DBTTS_100025|嗯，不过在我印象当中，好像说从昆明这边给啊家里人带不管是伴手礼也好啊，或者说带点特产回去也好。嗯，像机场或者火车站卖的都是呃鲜花饼，或者是那个叫什么呃火腿饼是吗？
huawei_38-36_F-3612000432|别怪我的薄情冷漠，记住都是拜你们所赐。
niren-03-0320138|多想能够和你在一起一辈子，只不过现在已经成为了一个笑话。
huawei_38-05_M-0501003012|他呢？”这么晚了，她一定和他一起来的，我朝四周看了看，却又没看到人影。
niren-83-M8312013020|从一开始他那个什么生病啊，然后我们聊到了那个新冠，新冠肺炎然后最近的一些环境。
huawei_38-07_M-0703002010|船被照得雪亮。
niren-83-M8312002136|德牧、金毛然后。
huawei_38-05_M-0502017001|新月娟娟，夜寒江静山衔斗。
niren-83-M8312004029|然后，加进去之后呢，拿羊肉，那个羊肉也很有讲究。
huawei_38-10_M-1004032006|老板娘，你听我解释，
niren-10-1010340010|您客气了，有什么问题还可以再来咨询，再见。
niren-03-F0312009217|就比如说，我举一个例子啊。
niren-03-F0312010181|你陪他成长，然后她调皮了，你骂她，是什么样的感觉，你绞尽脑汁儿，你们俩之间对抗，这又是怎样的一种感他都他就像谈恋爱一样。
huawei_38-14_M-1407025012|被慎重地穿进马肠中，在肠衣的保护下，
101283|那你就是无非让我给你提供情绪价值嘛，那就是一次两次还好，我都可以给你提供。那你天天都要我给你提供情绪价值这种没来由的莫名其妙的脾气，那我怎么受得了呢？
niren-83-M8312013335|立马把人家的手机给关机，然后把这个财务据为己有。
niren-83-M8312006305|然后让你觉得焦虑，你就有这样的需求了。
huawei_38-33_F-3303001018|路上，她非常高兴听牧师的儿子讲大自然的力量，讲历史上的伟大的男人和女人。
huawei_38-02_M-0205005010|静慧恨恨的道：“哼，我掌门人怎能将这种人瞧在眼中？
niren-83-M8312006375|但是，化工物品的话，对这个资源的这个浪费，也会更加的会更加的巨大，尤其是，从石油提取出来，它需要经过燃烧得提炼。
huawei_38-18_M-1813002002|绿色组织表面的气孔随之张开，空气和水分以一定的速率进出。
niren-03-F0312004657|我就会发现啊当一个，比如说小动物他在这样安逸的城市呆的时间比较久的话。
DBTTS_000443|但我现在基本很少看到现在这边的商圈还有棉花糖的那个机子，所以就是说我觉得还是失去了比较多的乐趣，因为现在改革嘛，包括商圈的数量和我觉得街道的数量也有在减少。
niren-84-8405113001|下周六南京会下雨吗？
huawei_38-27_F-2703002008|蝴蝶问了二三遍，一个字都没得到，于是他独自去求爱。
niren-03-0380171|气死人了，小冰雹下个没完没了。
huawei_38-33_F-3305001015|“没人再来管束你们，大伙儿逍遥自在，无法无天了。”
niren-83-M8312014473|所以说，呃，可能是我之前女朋友都会比较强势。
huawei_38-46_F-4603000388|在小水池的草丛里发现了一艘小小的轮船。
huawei_38-04_M-0405005017|俞莲舟道：“孟老师有何吩咐，但说不妨。”
niren-84-8401004019|这个酒店的具体地址在哪儿？
niren-83-M8312013165|我就买我就带有有限的，然后还有每天，对，就就是因为自己很多时候也很容易丢。
niren-10-1001004054|好的，不客气，再见。
niren-84-8403071005|有没有定速巡航功能呢？
huawei_38-38_F-3812000037|早说啊，早说我就帮你订张机票了。
huawei_38-36_F-3612000246|真正的忘记，是不需要努力的。
niren-03-0330650|舆论热议后，金巧巧接二连三的出面回应。
niren-84-8410320001|下周三成都飞南京的航班推荐一下。
huawei_38-31_F-3103004013|“是啊，怎么个烧法？”
niren-84-8402056033|没有啦，下次有问题再找你，拜拜喽。
niren-84-8416242|对我来说，最快乐的一件事就是踢毽子。
niren-03-F0312001043|冠亚冠军亚军季军的话。
niren-03-F0312014237|有时敞开，有时关闭